mx6ullevk.c:241:5:power_init_board	24	static
mx6ullevk.c:284:6:ldo_mode_set	24	static
mx6ullevk.c:322:5:dram_init	8	static
mx6ullevk.c:459:5:board_mmc_get_env_dev	0	static
mx6ullevk.c:467:5:mmc_map_to_kernel_blk	0	static
mx6ullevk.c:475:5:board_mmc_getcd	8	static
mx6ullevk.c:507:5:board_mmc_init	16	static
mx6ullevk.c:590:5:board_usb_phy_mode	0	static
mx6ullevk.c:598:5:board_ehci_hcd_init	0	static
mx6ullevk.c:724:5:board_eth_init	8	static
mx6ullevk.c:762:5:board_phy_config	24	static
mx6ullevk.c:858:5:board_early_init_f	8	static
mx6ullevk.c:865:5:board_init	8	static
mx6ullevk.c:911:5:board_late_init	8	static
mx6ullevk.c:935:5:checkboard	8	static
